-- Found Git: /usr/bin/git (found version "2.53.0")
-- The C compiler identification is GNU 14.2.0
-- The CXX compiler identification is GNU 14.2.0
-- The ASM compiler identification is GNU
-- Found assembler: /home/thc1006/.espressif/tools/xtensa-esp-elf/esp-14.2.0_20260121/xtensa-esp-elf/bin/xtensa-esp32s3-elf-gcc
-- Detecting C compiler ABI info
-- Detecting C compiler ABI info - done
-- Check for working C compiler: /home/thc1006/.espressif/tools/xtensa-esp-elf/esp-14.2.0_20260121/xtensa-esp-elf/bin/xtensa-esp32s3-elf-gcc - skipped
-- Detecting C compile features
-- Detecting C compile features - done
-- Detecting CXX compiler ABI info
-- Detecting CXX compiler ABI info - done
-- Check for working CXX compiler: /home/thc1006/.espressif/tools/xtensa-esp-elf/esp-14.2.0_20260121/xtensa-esp-elf/bin/xtensa-esp32s3-elf-g++ - skipped
-- Detecting CXX compile features
-- Detecting CXX compile features - done
-- Building ESP-IDF components for target esp32s3
-- Project sdkconfig file /home/thc1006/dev/SpikeIDS-MCU/results/esp32s3_v5_build_20260925_02/build/sdkconfig
Loading defaults file /home/thc1006/dev/SpikeIDS-MCU/tools/board_deployment/esp32s3_v5/sdkconfig.defaults...
warning: unknown kconfig symbol 'SPIRAM' assigned to 'n' in /home/thc1006/dev/SpikeIDS-MCU/tools/board_deployment/esp32s3_v5/sdkconfig.defaults
-- Compiler supported targets: xtensa-esp-elf
-- Found Python3: /home/thc1006/.espressif/python_env/idf5.4_py3.14_env/bin/python (found version "3.14.4") found components: Interpreter
-- Performing Test CMAKE_HAVE_LIBC_PTHREAD
-- Performing Test CMAKE_HAVE_LIBC_PTHREAD - Success
-- Found Threads: TRUE
-- Performing Test C_COMPILER_SUPPORTS_WFORMAT_SIGNEDNESS
-- Performing Test C_COMPILER_SUPPORTS_WFORMAT_SIGNEDNESS - Success
-- USING O3
-- App "spikeids_v5_qdq" version: v5_qdq_candidate_01
-- Adding linker script /home/thc1006/dev/SpikeIDS-MCU/results/esp32s3_v5_build_20260925_02/build/esp-idf/esp_system/ld/memory.ld
-- Adding linker script /home/thc1006/dev/SpikeIDS-MCU/results/esp32s3_v5_build_20260925_02/build/esp-idf/esp_system/ld/sections.ld.in
-- Adding linker script /home/thc1006/esp/esp-idf/components/esp_rom/esp32s3/ld/esp32s3.rom.ld
-- Adding linker script /home/thc1006/esp/esp-idf/components/esp_rom/esp32s3/ld/esp32s3.rom.api.ld
-- Adding linker script /home/thc1006/esp/esp-idf/components/esp_rom/esp32s3/ld/esp32s3.rom.bt_funcs.ld
-- Adding linker script /home/thc1006/esp/esp-idf/components/esp_rom/esp32s3/ld/esp32s3.rom.libgcc.ld
-- Adding linker script /home/thc1006/esp/esp-idf/components/esp_rom/esp32s3/ld/esp32s3.rom.wdt.ld
-- Adding linker script /home/thc1006/esp/esp-idf/components/esp_rom/esp32s3/ld/esp32s3.rom.version.ld
-- Adding linker script /home/thc1006/esp/esp-idf/components/esp_rom/esp32s3/ld/esp32s3.rom.ble_master.ld
-- Adding linker script /home/thc1006/esp/esp-idf/components/esp_rom/esp32s3/ld/esp32s3.rom.ble_50.ld
-- Adding linker script /home/thc1006/esp/esp-idf/components/esp_rom/esp32s3/ld/esp32s3.rom.ble_smp.ld
-- Adding linker script /home/thc1006/esp/esp-idf/components/esp_rom/esp32s3/ld/esp32s3.rom.ble_dtm.ld
-- Adding linker script /home/thc1006/esp/esp-idf/components/esp_rom/esp32s3/ld/esp32s3.rom.ble_test.ld
-- Adding linker script /home/thc1006/esp/esp-idf/components/esp_rom/esp32s3/ld/esp32s3.rom.ble_scan.ld
-- Adding linker script /home/thc1006/esp/esp-idf/components/esp_rom/esp32s3/ld/esp32s3.rom.newlib.ld
-- Adding linker script /home/thc1006/esp/esp-idf/components/soc/esp32s3/ld/esp32s3.peripherals.ld
-- Components: app_update bootloader bootloader_support cxx efuse esp_app_format esp_bootloader_format esp_common esp_driver_gpio esp_driver_usb_serial_jtag esp_hw_support esp_mm esp_partition esp_pm esp_ringbuf esp_rom esp_security esp_system esp_timer esptool_py freertos hal heap log main mbedtls newlib partition_table pthread soc spi_flash xtensa
-- Component paths: /home/thc1006/esp/esp-idf/components/app_update /home/thc1006/esp/esp-idf/components/bootloader /home/thc1006/esp/esp-idf/components/bootloader_support /home/thc1006/esp/esp-idf/components/cxx /home/thc1006/esp/esp-idf/components/efuse /home/thc1006/esp/esp-idf/components/esp_app_format /home/thc1006/esp/esp-idf/components/esp_bootloader_format /home/thc1006/esp/esp-idf/components/esp_common /home/thc1006/esp/esp-idf/components/esp_driver_gpio /home/thc1006/esp/esp-idf/components/esp_driver_usb_serial_jtag /home/thc1006/esp/esp-idf/components/esp_hw_support /home/thc1006/esp/esp-idf/components/esp_mm /home/thc1006/esp/esp-idf/components/esp_partition /home/thc1006/esp/esp-idf/components/esp_pm /home/thc1006/esp/esp-idf/components/esp_ringbuf /home/thc1006/esp/esp-idf/components/esp_rom /home/thc1006/esp/esp-idf/components/esp_security /home/thc1006/esp/esp-idf/components/esp_system /home/thc1006/esp/esp-idf/components/esp_timer /home/thc1006/esp/esp-idf/components/esptool_py /home/thc1006/esp/esp-idf/components/freertos /home/thc1006/esp/esp-idf/components/hal /home/thc1006/esp/esp-idf/components/heap /home/thc1006/esp/esp-idf/components/log /home/thc1006/dev/SpikeIDS-MCU/tools/board_deployment/esp32s3_v5/main /home/thc1006/esp/esp-idf/components/mbedtls /home/thc1006/esp/esp-idf/components/newlib /home/thc1006/esp/esp-idf/components/partition_table /home/thc1006/esp/esp-idf/components/pthread /home/thc1006/esp/esp-idf/components/soc /home/thc1006/esp/esp-idf/components/spi_flash /home/thc1006/esp/esp-idf/components/xtensa
-- Configuring done (1.8s)
-- Generating done (0.1s)
-- Build files have been written to: /home/thc1006/dev/SpikeIDS-MCU/results/esp32s3_v5_build_20260925_02/build
