ELF Header:
  Magic:   7f 45 4c 46 01 01 01 00 00 00 00 00 00 00 00 00 
  Class:                             ELF32
  Data:                              2's complement, little endian
  Version:                           1 (current)
  OS/ABI:                            UNIX - System V
  ABI Version:                       0
  Type:                              EXEC (Executable file)
  Machine:                           ARM
  Version:                           0x1
  Entry point address:               0x34180539
  Start of program headers:          52 (bytes into file)
  Start of section headers:          1921284 (bytes into file)
  Flags:                             0x5000200, Version5 EABI, soft-float ABI
  Size of this header:               52 (bytes)
  Size of program headers:           32 (bytes)
  Number of program headers:         3
  Size of section headers:           40 (bytes)
  Number of section headers:         18
  Section header string table index: 17

Section Headers:
  [Nr] Name              Type            Addr     Off    Size   ES Flg Lk Inf Al
  [ 0]                   NULL            00000000 000000 000000 00      0   0  0
  [ 1] .isr_vector       PROGBITS        34180400 000400 000040 00   A  0   0 1024
  [ 2] .text             PROGBITS        34180440 000440 000a88 00  AX  0   0  4
  [ 3] .mailbox          NOBITS          34188000 001000 001000 00  WA  0   0 32
  [ 4] .stack            NOBITS          34189000 001000 002000 00  WA  0   0  1
  [ 5] .ARM.attributes   ARM_ATTRIBUTES  00000000 000ec8 000036 00      0   0  1
  [ 6] .debug_info       PROGBITS        00000000 000efe 0027fb 00      0   0  1
  [ 7] .debug_abbrev     PROGBITS        00000000 0036f9 0006af 00      0   0  1
  [ 8] .debug_loclists   PROGBITS        00000000 003da8 000e80 00      0   0  1
  [ 9] .debug_aranges    PROGBITS        00000000 004c28 0000b0 00      0   0  1
  [10] .debug_rnglists   PROGBITS        00000000 004cd8 000139 00      0   0  1
  [11] .debug_macro      PROGBITS        00000000 004e11 0433d1 00      0   0  1
  [12] .debug_line       PROGBITS        00000000 0481e2 0014d3 00      0   0  1
  [13] .debug_str        PROGBITS        00000000 0496b5 18b326 01  MS  0   0  1
  [14] .debug_frame      PROGBITS        00000000 1d49dc 0001b4 00      0   0  4
  [15] .symtab           SYMTAB          00000000 1d4b90 0003e0 10     16  54  4
  [16] .strtab           STRTAB          00000000 1d4f70 0000ca 00      0   0  1
  [17] .shstrtab         STRTAB          00000000 1d503a 0000c7 00      0   0  1
Key to Flags:
  W (write), A (alloc), X (execute), M (merge), S (strings), I (info),
  L (link order), O (extra OS processing required), G (group), T (TLS),
  C (compressed), x (unknown), o (OS specific), E (exclude),
  D (mbind), y (purecode), p (processor specific)

Program Headers:
  Type           Offset   VirtAddr   PhysAddr   FileSiz MemSiz  Flg Align
  LOAD           0x000400 0x34180400 0x34180400 0x00ac8 0x00ac8 R E 0x1000
  LOAD           0x000000 0x34188000 0x34188000 0x00000 0x01000 RW  0x1000
  LOAD           0x000000 0x34189000 0x34189000 0x00000 0x02000 RW  0x1000

 Section to Segment mapping:
  Segment Sections...
   00     .isr_vector .text 
   01     .mailbox 
   02     .stack 
Attribute Section: aeabi
File Attributes
  Tag_CPU_name: "cortex-m55"
  Tag_CPU_arch: v8.1-M.mainline
  Tag_CPU_arch_profile: Microcontroller
  Tag_THUMB_ISA_use: Yes
  Tag_ABI_PCS_wchar_t: 4
  Tag_ABI_FP_denormal: Needed
  Tag_ABI_FP_exceptions: Needed
  Tag_ABI_FP_number_model: IEEE 754
  Tag_ABI_align_needed: 8-byte
  Tag_ABI_align_preserved: 8-byte, except leaf SP
  Tag_ABI_enum_size: small
  Tag_ABI_optimization_goals: Aggressive Speed
  Tag_CPU_unaligned_access: v6
  Tag_DSP_extension: Allowed
