{
 "diag_runs_total": 41486,
 "wiring_widths_s": [
  0.1,
  0.1,
  0.09999,
  0.1,
  0.1
 ],
 "sham_widths_s_minmax": [
  0.99997,
  0.99998
 ],
 "first_wiring_rise_after_on_s": 29.59763,
 "diag_logic_powered_after_on_ms": 8.97,
 "diag_d0_high_samples_between_logic_powerup_and_first_wiring": 0,
 "diag_d0_high_boot_first_last_ms_after_on": null,
 "diag_unpowered_frames_after_mask": 0,
 "diag_sham_dI_registered_equiv": {
  "mean": -0.656509270140942,
  "ci95": [
   -0.732128649848328,
   -0.5808898904335559
  ],
  "n": 20
 },
 "diag_sham_max_abs_diff_vs_pipeline_per_window_mA": 2.842170943040401e-14,
 "xcorr_lag_ms_parity_region": [
  -25,
  0.9299612150614405
 ],
 "xcorr_lag_ms_30_90s": [
  0,
  0.9579813831964598
 ],
 "xcorr_lag_ms_90_119s": [
  0,
  0.987978882892534
 ],
 "attrib_sham_dI": {
  "mean": -0.6039247045988475,
  "ci95": [
   -0.6747042935127853,
   -0.5331451156849097
  ],
  "n": 20,
  "lag_ms": -25
 },
 "paired_diag_minus_attrib_dI": {
  "mean": -0.05258456554209445,
  "ci95": [
   -0.10518342756407141,
   1.4296479882505708e-05
  ],
  "n": 20
 },
 "welch_p_diag_vs_attrib": 0.2946962327689695,
 "attrib_dI_vs_lag": {
  "-45": -0.603627802947468,
  "-30": -0.6039178143662938,
  "-25": -0.6039247045988475,
  "-20": -0.6041060066760657,
  "-5": -0.6040107627067585
 },
 "diag_quadrature_null": {
  "mean": 0.0013216191852997382,
  "ci95": [
   -0.038006335259769396,
   0.04064957363036887
  ]
 },
 "attrib_quadrature_null": {
  "mean": -0.03227714756428455,
  "ci95": [
   -0.06542212401403244,
   0.0008678288854633356
  ]
 },
 "levels_mA": {
  "diag_hi": 64.75372727991692,
  "diag_lo": 65.41023655005787,
  "attrib_hi": 64.37009554728074,
  "attrib_lo": 64.9740202518796
 },
 "edge_profile_diag_rise(dI_hi-lo)": {
  "step_mA": -0.7016758095854669,
  "frac": {
   "-1..-0.1ms": -0.07738223530182652,
   "-0.1..0ms": -0.16745998594609612,
   "0..0.05ms": 0.235335345695664,
   "0.05..0.1ms": 0.7616717883616358,
   "0.1..0.2ms": 1.2718219409382672,
   "0.2..0.5ms": 1.457978339940693,
   "0.5..1ms": 1.439378979127603,
   "1..5ms": 1.177839088848797,
   "5..50ms": 1.0000000000000202
  }
 },
 "edge_profile_diag_fall(dI_lo-hi)": {
  "step_mA": 0.6242347574440004,
  "frac": {
   "-1..-0.1ms": -0.16773990904966435,
   "-0.1..0ms": 0.032128518546334986,
   "0..0.05ms": 0.23132417156749882,
   "0.05..0.1ms": 0.9195747683084856,
   "0.1..0.2ms": 0.7022068496378546,
   "0.2..0.5ms": 0.8169256298683382,
   "0.5..1ms": 0.8096953358989131,
   "1..5ms": 0.8376059196271498,
   "5..50ms": 1.0
  }
 },
 "edge_profile_attrib_rise": {
  "step_mA": -0.4382729377116874,
  "frac": {
   "-1..-0.1ms": -0.012993566444947431,
   "-0.1..0ms": -0.13906157385411055,
   "0..0.05ms": 0.2737064586667845,
   "0.05..0.1ms": 0.2907732126005885,
   "0.1..0.2ms": -0.22508763796461254,
   "0.2..0.5ms": -0.29388405533152906,
   "0.5..1ms": -0.32139680467797016,
   "1..5ms": -0.35191880825214567,
   "5..50ms": 1.0
  }
 },
 "edge_profile_attrib_fall": {
  "step_mA": 0.21206983766201404,
  "frac": {
   "-1..-0.1ms": 0.03800194808706439,
   "-0.1..0ms": -1.3222300036890628,
   "0..0.05ms": 0.15237670794026503,
   "0.05..0.1ms": -0.8070217900100422,
   "0.1..0.2ms": -0.07853616196150676,
   "0.2..0.5ms": 0.8158735789101497,
   "0.5..1ms": 0.7566302534601833,
   "1..5ms": 0.7313078436658869,
   "5..50ms": 1.0
  }
 },
 "diag_non_R4_frames_after_on": 14267,
 "diag_non_R4_first_last_after_on_s": [
  0.0,
  0.14354
 ],
 "diag_non_R4_frames_after_0p2s": 0,
 "diag_non_R4_frames_after_mask": 0,
 "diag_adc_upper_rail_frames[idx,ms_after_on,range]": [
  [
   163693,
   8.45,
   0
  ]
 ],
 "attrib_adc_upper_rail_frames[idx,ms_after_on,range]": [
  [
   161556,
   7.88,
   0
  ],
  [
   161561,
   7.93,
   0
  ]
 ],
 "attrib_non_R4_frames_after_on": 14255,
 "attrib_non_R4_first_last_after_on_s": [
  0.0,
  0.1434
 ],
 "diag_1s_mean_mA_min_max": [
  63.129976196880115,
  71.17626942880918
 ]
}
