ELF Header:
  Magic:   7f 45 4c 46 01 01 01 00 00 00 00 00 00 00 00 00 
  Class:                             ELF32
  Data:                              2's complement, little endian
  Version:                           1 (current)
  OS/ABI:                            UNIX - System V
  ABI Version:                       0
  Type:                              EXEC (Executable file)
  Machine:                           ARM
  Version:                           0x1
  Entry point address:               0x10c5
  Start of program headers:          52 (bytes into file)
  Start of section headers:          137404 (bytes into file)
  Flags:                             0x5000400, Version5 EABI, hard-float ABI
  Size of this header:               52 (bytes)
  Size of program headers:           32 (bytes)
  Number of program headers:         5
  Size of section headers:           40 (bytes)
  Number of section headers:         16
  Section header string table index: 15

Section Headers:
  [Nr] Name              Type            Addr     Off    Size   ES Flg Lk Inf Al
  [ 0]                   NULL            00000000 000000 000000 00      0   0  0
  [ 1] __flash_vectors$$ PROGBITS        00000000 001000 000054 00   A  0   0  4
  [ 2] __ram_noinit$$    NOBITS          20000000 020000 00201c 00  WA  0   0  8
  [ 3] __ram_zero$$      NOBITS          2000201c 02001c 000078 00  WA  0   0  4
  [ 4] __flash_readonly$$ PROGBITS        00000054 001054 01e08c 00  AX  0   0  4
  [ 5] .init             PROGBITS        0001e0e0 01f0e0 000004 00  AX  0   0  4
  [ 6] .fini             PROGBITS        0001e0e4 01f0e4 000004 00  AX  0   0  4
  [ 7] __flash_init_array$$ PROGBITS        0001e0e8 01f0e8 000004 00   A  0   0  4
  [ 8] __flash_fini_array$$ PROGBITS        0001e0ec 01f0ec 000004 00   A  0   0  4
  [ 9] .v5_mailbox       NOBITS          2001f000 020000 000200 00  WA  0   0  8
  [10] .ARM.attributes   ARM_ATTRIBUTES  00000000 01f0f0 000036 00      0   0  1
  [11] .comment          PROGBITS        00000000 01f126 000044 01  MS  0   0  1
  [12] .debug_frame      PROGBITS        00000000 01f16c 000090 00      0   0  4
  [13] .symtab           SYMTAB          00000000 01f1fc 001580 10     14 179  4
  [14] .strtab           STRTAB          00000000 02077c 00107b 00      0   0  1
  [15] .shstrtab         STRTAB          00000000 0217f7 0000c4 00      0   0  1
Key to Flags:
  W (write), A (alloc), X (execute), M (merge), S (strings), I (info),
  L (link order), O (extra OS processing required), G (group), T (TLS),
  C (compressed), x (unknown), o (OS specific), E (exclude),
  D (mbind), y (purecode), p (processor specific)

There are no section groups in this file.

Program Headers:
  Type           Offset   VirtAddr   PhysAddr   FileSiz MemSiz  Flg Align
  LOAD           0x001000 0x00000000 0x00000000 0x1e0e0 0x1e0e0 R E 0x1000
  LOAD           0x000000 0x20000000 0x00000054 0x00000 0x0201c RW  0x1000
  LOAD           0x00001c 0x2000201c 0x00000054 0x00000 0x00078 RW  0x1000
  LOAD           0x01f0e0 0x0001e0e0 0x0001e0e0 0x00010 0x00010 R E 0x1000
  LOAD           0x000000 0x2001f000 0x2001f000 0x00000 0x00200 RW  0x1000

 Section to Segment mapping:
  Segment Sections...
   00     __flash_vectors$$ __flash_readonly$$ 
   01     __ram_noinit$$ 
   02     __ram_zero$$ 
   03     .init .fini __flash_init_array$$ __flash_fini_array$$ 
   04     .v5_mailbox 

There is no dynamic section in this file.

There are no relocations in this file.

There are no unwind sections in this file.

Symbol table '.symtab' contains 344 entries:
   Num:    Value  Size Type    Bind   Vis      Ndx Name
     0: 00000000     0 NOTYPE  LOCAL  DEFAULT  UND 
     1: 00000000     0 SECTION LOCAL  DEFAULT    1 __flash_vectors$$
     2: 20000000     0 SECTION LOCAL  DEFAULT    2 __ram_noinit$$
     3: 2000201c     0 SECTION LOCAL  DEFAULT    3 __ram_zero$$
     4: 00000054     0 SECTION LOCAL  DEFAULT    4 __flash_readonly$$
     5: 0001e0e0     0 SECTION LOCAL  DEFAULT    5 .init
     6: 0001e0e4     0 SECTION LOCAL  DEFAULT    6 .fini
     7: 0001e0e8     0 SECTION LOCAL  DEFAULT    7 __flash_init_array$$
     8: 0001e0ec     0 SECTION LOCAL  DEFAULT    8 __flash_fini_array$$
     9: 2001f000     0 SECTION LOCAL  DEFAULT    9 .v5_mailbox
    10: 00000000     0 SECTION LOCAL  DEFAULT   10 .ARM.attributes
    11: 00000000     0 SECTION LOCAL  DEFAULT   11 .comment
    12: 00000000     0 SECTION LOCAL  DEFAULT   12 .debug_frame
    13: 00000000     0 FILE    LOCAL  DEFAULT  ABS startup.c
    14: 000010c0     0 NOTYPE  LOCAL  DEFAULT    4 $t
    15: 000010c4     0 NOTYPE  LOCAL  DEFAULT    4 $t
    16: 00000000     0 NOTYPE  LOCAL  DEFAULT    1 $d
    17: 20000000     0 NOTYPE  LOCAL  DEFAULT    2 $d
    18: 00000000     0 FILE    LOCAL  DEFAULT  ABS vector_data.c
    19: 0001e02c     0 NOTYPE  LOCAL  DEFAULT    4 $d
    20: 00000040     0 NOTYPE  LOCAL  DEFAULT    1 $d
    21: 00000000     0 FILE    LOCAL  DEFAULT  ABS crtstuff.c
    22: 00000054     0 NOTYPE  LOCAL  DEFAULT    4 $t
    23: 00000055     0 FUNC    LOCAL  DEFAULT    4 deregister_tm_clones
    24: 00000064     0 NOTYPE  LOCAL  DEFAULT    4 $d
    25: 00000070     0 NOTYPE  LOCAL  DEFAULT    4 $t
    26: 00000071     0 FUNC    LOCAL  DEFAULT    4 register_tm_clones
    27: 0000008c     0 NOTYPE  LOCAL  DEFAULT    4 $d
    28: 00000098     0 NOTYPE  LOCAL  DEFAULT    4 $t
    29: 00000099     0 FUNC    LOCAL  DEFAULT    4 __do_global_dtors_aux
    30: 000000b4     0 NOTYPE  LOCAL  DEFAULT    4 $d
    31: 2000201c     0 OBJECT  LOCAL  DEFAULT    3 completed.1
    32: 0001e0ec     0 NOTYPE  LOCAL  DEFAULT    8 $d
    33: 0001e0ec     0 OBJECT  LOCAL  DEFAULT    8 __do_global_dtors_aux_fini_array_entry
    34: 000000c0     0 NOTYPE  LOCAL  DEFAULT    4 $t
    35: 000000c1     0 FUNC    LOCAL  DEFAULT    4 frame_dummy
    36: 000000d8     0 NOTYPE  LOCAL  DEFAULT    4 $d
    37: 20002020     0 OBJECT  LOCAL  DEFAULT    3 object.0
    38: 0001e0e8     0 NOTYPE  LOCAL  DEFAULT    7 $d
    39: 0001e0e8     0 OBJECT  LOCAL  DEFAULT    7 __frame_dummy_init_array_entry
    40: 2000201c     0 NOTYPE  LOCAL  DEFAULT    3 $d
    41: 20002020     0 NOTYPE  LOCAL  DEFAULT    3 $d
    42: 00000000     0 FILE    LOCAL  DEFAULT  ABS app.c
    43: 000000e4     0 NOTYPE  LOCAL  DEFAULT    4 $t
    44: 00000218     0 NOTYPE  LOCAL  DEFAULT    4 $d
    45: 2001f000     0 NOTYPE  LOCAL  DEFAULT    9 $d
    46: 00000000     0 FILE    LOCAL  DEFAULT  ABS wire.c
    47: 00000224     0 NOTYPE  LOCAL  DEFAULT    4 $t
    48: 00000225   112 FUNC    LOCAL  DEFAULT    4 base
    49: 0000028c     0 NOTYPE  LOCAL  DEFAULT    4 $d
    50: 00000294     0 NOTYPE  LOCAL  DEFAULT    4 $t
    51: 00001248     0 NOTYPE  LOCAL  DEFAULT    4 $d
    52: 00000298     0 NOTYPE  LOCAL  DEFAULT    4 $t
    53: 00000364     0 NOTYPE  LOCAL  DEFAULT    4 $d
    54: 00000374     0 NOTYPE  LOCAL  DEFAULT    4 $t
    55: 000003ac     0 NOTYPE  LOCAL  DEFAULT    4 $d
    56: 000003b0     0 NOTYPE  LOCAL  DEFAULT    4 $t
    57: 000004f8     0 NOTYPE  LOCAL  DEFAULT    4 $d
    58: 00000000     0 FILE    LOCAL  DEFAULT  ABS portable_qdq.c
    59: 00000504     0 NOTYPE  LOCAL  DEFAULT    4 $t
    60: 00000505   140 FUNC    LOCAL  DEFAULT    4 pq_quantize.part.0
    61: 00000590     0 NOTYPE  LOCAL  DEFAULT    4 $t
    62: 00000591   192 FUNC    LOCAL  DEFAULT    4 qdq
    63: 0000064c     0 NOTYPE  LOCAL  DEFAULT    4 $d
    64: 00000650     0 NOTYPE  LOCAL  DEFAULT    4 $t
    65: 00000698     0 NOTYPE  LOCAL  DEFAULT    4 $t
    66: 000007b8     0 NOTYPE  LOCAL  DEFAULT    4 $d
    67: 000007bc     0 NOTYPE  LOCAL  DEFAULT    4 $t
    68: 00000af4     0 NOTYPE  LOCAL  DEFAULT    4 $d
    69: 00000000     0 FILE    LOCAL  DEFAULT  ABS main.c
    70: 00000afc     0 NOTYPE  LOCAL  DEFAULT    4 $t
    71: 00000000     0 FILE    LOCAL  DEFAULT  ABS r_can.c
    72: 00000b08     0 NOTYPE  LOCAL  DEFAULT    4 $t
    73: 00000b09   104 FUNC    LOCAL  DEFAULT    4 r_can_call_callback
    74: 00000b70     0 NOTYPE  LOCAL  DEFAULT    4 $t
    75: 00000c3c     0 NOTYPE  LOCAL  DEFAULT    4 $d
    76: 00000c48     0 NOTYPE  LOCAL  DEFAULT    4 $t
    77: 00000d50     0 NOTYPE  LOCAL  DEFAULT    4 $d
    78: 00000d5c     0 NOTYPE  LOCAL  DEFAULT    4 $t
    79: 00000df4     0 NOTYPE  LOCAL  DEFAULT    4 $d
    80: 00000000     0 FILE    LOCAL  DEFAULT  ABS bsp_clocks.c
    81: 20002000    28 OBJECT  LOCAL  DEFAULT    2 g_clock_freq
    82: 00000e00     0 NOTYPE  LOCAL  DEFAULT    4 $t
    83: 00000e1c     0 NOTYPE  LOCAL  DEFAULT    4 $d
    84: 00000e28     0 NOTYPE  LOCAL  DEFAULT    4 $t
    85: 00000ee8     0 NOTYPE  LOCAL  DEFAULT    4 $d
    86: 00000f10     0 NOTYPE  LOCAL  DEFAULT    4 $t
    87: 00000f30     0 NOTYPE  LOCAL  DEFAULT    4 $d
    88: 20002000     0 NOTYPE  LOCAL  DEFAULT    2 $d
    89: 00000000     0 FILE    LOCAL  DEFAULT  ABS bsp_common.c
    90: 00000f38     0 NOTYPE  LOCAL  DEFAULT    4 $t
    91: 0001e090     0 NOTYPE  LOCAL  DEFAULT    4 $d
    92: 0001e090    68 OBJECT  LOCAL  DEFAULT    4 g_fsp_version_build_string
    93: 0001e0d4     6 OBJECT  LOCAL  DEFAULT    4 g_fsp_version_string
    94: 0001e0dc     4 OBJECT  LOCAL  DEFAULT    4 g_fsp_version
    95: 00000000     0 FILE    LOCAL  DEFAULT  ABS bsp_group_irq.c
    96: 00000f3c     0 NOTYPE  LOCAL  DEFAULT    4 $t
    97: 00000f70     0 NOTYPE  LOCAL  DEFAULT    4 $d
    98: 20002038     0 NOTYPE  LOCAL  DEFAULT    3 $d
    99: 00000000     0 FILE    LOCAL  DEFAULT  ABS bsp_irq.c
   100: 00000f78     0 NOTYPE  LOCAL  DEFAULT    4 $t
   101: 00000ffc     0 NOTYPE  LOCAL  DEFAULT    4 $d
   102: 20002070     0 NOTYPE  LOCAL  DEFAULT    3 $d
   103: 00000000     0 FILE    LOCAL  DEFAULT  ABS bsp_register_protection.c
   104: 0000100c     0 NOTYPE  LOCAL  DEFAULT    4 $t
   105: 00001060     0 NOTYPE  LOCAL  DEFAULT    4 $d
   106: 0001e038    10 OBJECT  LOCAL  DEFAULT    4 g_prcr_masks
   107: 0000106c     0 NOTYPE  LOCAL  DEFAULT    4 $t
   108: 000010b4     0 NOTYPE  LOCAL  DEFAULT    4 $d
   109: 0001e038     0 NOTYPE  LOCAL  DEFAULT    4 $d
   110: 20002084     0 NOTYPE  LOCAL  DEFAULT    3 $d
   111: 00000000     0 FILE    LOCAL  DEFAULT  ABS system.c
   112: 000010d0     0 NOTYPE  LOCAL  DEFAULT    4 $t
   113: 000010d1   100 FUNC    LOCAL  DEFAULT    4 SystemRuntimeInit
   114: 00001130     0 NOTYPE  LOCAL  DEFAULT    4 $d
   115: 00001134     0 NOTYPE  LOCAL  DEFAULT    4 $t
   116: 00001138     0 NOTYPE  LOCAL  DEFAULT    4 $t
   117: 000011d4     0 NOTYPE  LOCAL  DEFAULT    4 $d
   118: 20002090     0 NOTYPE  LOCAL  DEFAULT    3 $d
   119: 00000000     0 FILE    LOCAL  DEFAULT  ABS fegetround.c
   120: 000011f0     0 NOTYPE  LOCAL  DEFAULT    4 $t
   121: 00000000     0 FILE    LOCAL  DEFAULT  ABS memcpy-stub.c
   122: 000011fc     0 NOTYPE  LOCAL  DEFAULT    4 $t
   123: 00000000     0 FILE    LOCAL  DEFAULT  ABS memcmp.c
   124: 00001216     0 NOTYPE  LOCAL  DEFAULT    4 $t
   125: 00000000     0 FILE    LOCAL  DEFAULT  ABS memset.c
   126: 00001236     0 NOTYPE  LOCAL  DEFAULT    4 $t
   127: 00000000     0 FILE    LOCAL  DEFAULT  ABS model.c
   128: 0000128c     0 NOTYPE  LOCAL  DEFAULT    4 $d
   129: 0001b6e8 10496 OBJECT  LOCAL  DEFAULT    4 l0_weights
   130: 0001b5e8   256 OBJECT  LOCAL  DEFAULT    4 l0_weight_zero
   131: 0001b1e8  1024 OBJECT  LOCAL  DEFAULT    4 l0_weight_scale
   132: 0001ade8  1024 OBJECT  LOCAL  DEFAULT    4 l0_bias
   133: 0001a9e8  1024 OBJECT  LOCAL  DEFAULT    4 l0_bias_scale
   134: 0000a9e8 65536 OBJECT  LOCAL  DEFAULT    4 l1_weights
   135: 0000a8e8   256 OBJECT  LOCAL  DEFAULT    4 l1_weight_zero
   136: 0000a4e8  1024 OBJECT  LOCAL  DEFAULT    4 l1_weight_scale
   137: 0000a0e8  1024 OBJECT  LOCAL  DEFAULT    4 l1_bias
   138: 00009ce8  1024 OBJECT  LOCAL  DEFAULT    4 l1_bias_scale
   139: 00001ce8 32768 OBJECT  LOCAL  DEFAULT    4 l2_weights
   140: 00001c68   128 OBJECT  LOCAL  DEFAULT    4 l2_weight_zero
   141: 00001a68   512 OBJECT  LOCAL  DEFAULT    4 l2_weight_scale
   142: 00001868   512 OBJECT  LOCAL  DEFAULT    4 l2_bias
   143: 00001668   512 OBJECT  LOCAL  DEFAULT    4 l2_bias_scale
   144: 000013e8   640 OBJECT  LOCAL  DEFAULT    4 l3_weights
   145: 000013e0     5 OBJECT  LOCAL  DEFAULT    4 l3_weight_zero
   146: 000013cc    20 OBJECT  LOCAL  DEFAULT    4 l3_weight_scale
   147: 000013b8    20 OBJECT  LOCAL  DEFAULT    4 l3_bias
   148: 000013a4    20 OBJECT  LOCAL  DEFAULT    4 l3_bias_scale
   149: 000013a4     0 NOTYPE  LOCAL  DEFAULT    4 $d
   150: 000013b8     0 NOTYPE  LOCAL  DEFAULT    4 $d
   151: 000013cc     0 NOTYPE  LOCAL  DEFAULT    4 $d
   152: 000013e0     0 NOTYPE  LOCAL  DEFAULT    4 $d
   153: 000013e8     0 NOTYPE  LOCAL  DEFAULT    4 $d
   154: 00001668     0 NOTYPE  LOCAL  DEFAULT    4 $d
   155: 00001868     0 NOTYPE  LOCAL  DEFAULT    4 $d
   156: 00001a68     0 NOTYPE  LOCAL  DEFAULT    4 $d
   157: 00001c68     0 NOTYPE  LOCAL  DEFAULT    4 $d
   158: 00001ce8     0 NOTYPE  LOCAL  DEFAULT    4 $d
   159: 00009ce8     0 NOTYPE  LOCAL  DEFAULT    4 $d
   160: 0000a0e8     0 NOTYPE  LOCAL  DEFAULT    4 $d
   161: 0000a4e8     0 NOTYPE  LOCAL  DEFAULT    4 $d
   162: 0000a8e8     0 NOTYPE  LOCAL  DEFAULT    4 $d
   163: 0000a9e8     0 NOTYPE  LOCAL  DEFAULT    4 $d
   164: 0001a9e8     0 NOTYPE  LOCAL  DEFAULT    4 $d
   165: 0001ade8     0 NOTYPE  LOCAL  DEFAULT    4 $d
   166: 0001b1e8     0 NOTYPE  LOCAL  DEFAULT    4 $d
   167: 0001b5e8     0 NOTYPE  LOCAL  DEFAULT    4 $d
   168: 0001b6e8     0 NOTYPE  LOCAL  DEFAULT    4 $d
   169: 0001dfe8     0 NOTYPE  LOCAL  DEFAULT    4 $d
   170: 00000000     0 FILE    LOCAL  DEFAULT  ABS bsp_linker.c
   171: 0001e044     0 NOTYPE  LOCAL  DEFAULT    4 $d
   172: 0001e084    12 OBJECT  LOCAL  DEFAULT    4 zero_list
   173: 0001e054    48 OBJECT  LOCAL  DEFAULT    4 copy_list
   174: 0001e054     0 NOTYPE  LOCAL  DEFAULT    4 $d
   175: 0001e084     0 NOTYPE  LOCAL  DEFAULT    4 $d
   176: 00000000     0 FILE    LOCAL  DEFAULT  ABS crti.o
   177: 0001e0e0     0 NOTYPE  LOCAL  DEFAULT    5 $t
   178: 0001e0e4     0 NOTYPE  LOCAL  DEFAULT    6 $t
   179: 0100a1e0     0 NOTYPE  GLOBAL DEFAULT    8 __ddsc_OPTION_SETTING_PBPS_START
   180: 0001e400     0 NOTYPE  GLOBAL DEFAULT    8 __ddsc_FLASH_NSC
   181: 00000054     0 NOTYPE  GLOBAL DEFAULT    1 __flash_noinit$$Base
   182: 0100a100     0 NOTYPE  GLOBAL DEFAULT    8 __ddsc_OPTION_SETTING_OFS0_END
   183: 00000000    64 OBJECT  GLOBAL DEFAULT    1 __Vectors
   184: 000010c1     4 FUNC    WEAK   DEFAULT    4 DebugMon_Handler
   185: 00000000     0 NOTYPE  GLOBAL DEFAULT    1 __flash_vectors$$Base
   186: 08000000     0 NOTYPE  GLOBAL DEFAULT    1 __ddsc_DATA_FLASH_END
   187: 0100a260     0 NOTYPE  GLOBAL DEFAULT    8 __option_setting_pbps_sec_reg$$Base
   188: 08000000     0 NOTYPE  GLOBAL DEFAULT    1 __ddsc_DATA_FLASH_START
   189: 20002084    10 OBJECT  GLOBAL DEFAULT    3 g_protect_counters
   190: 0100a260     0 NOTYPE  GLOBAL DEFAULT    8 __option_setting_pbps_sec_reg$$Limit
   191: 000010c1     4 FUNC    WEAK   DEFAULT    4 HardFault_Handler
   192: 00002000     0 NOTYPE  GLOBAL DEFAULT  ABS DATA_FLASH_LENGTH
   193: 20002098     0 NOTYPE  GLOBAL DEFAULT    3 __ram_thread_stack$$Limit
   194: 0100a280     0 NOTYPE  GLOBAL DEFAULT    8 __ddsc_OPTION_SETTING_OFS1_SEL_START
   195: 000010c1     4 FUNC    WEAK   DEFAULT    4 SysTick_Handler
   196: 00000651    70 FUNC    GLOBAL DEFAULT    4 pq_environment
   197: 0100a280     0 NOTYPE  GLOBAL DEFAULT  ABS OPTION_SETTING_OFS1_SEL_START
   198: 0100a260     0 NOTYPE  GLOBAL DEFAULT    8 __ddsc_OPTION_SETTING_PBPS_SEC_END
   199: 000010c1     4 FUNC    WEAK   DEFAULT    4 PendSV_Handler
   200: 00000f3d    60 FUNC    GLOBAL DEFAULT    4 NMI_Handler
   201: 0001e0e0     0 NOTYPE  GLOBAL DEFAULT    4 __flash_readonly$$Limit
   202: 0001e0f0     0 NOTYPE  GLOBAL DEFAULT    8 __exidx_end
   203: 60000000     0 NOTYPE  GLOBAL DEFAULT    1 __ddsc_QSPI_FLASH_START
   204: 60000000     0 NOTYPE  GLOBAL DEFAULT    1 __qspi_flash_noinit$$Limit
   205: 00000299   220 FUNC    GLOBAL DEFAULT    4 v5_hello
   206: 0100a2c0     0 NOTYPE  GLOBAL DEFAULT    8 __option_setting_bps_sel_reg$$Limit
   207: 0100a200     0 NOTYPE  GLOBAL DEFAULT    8 __option_setting_ofs1_sec_reg$$Limit
   208: 60000000     0 NOTYPE  GLOBAL DEFAULT    1 __ddsc_QSPI_FLASH_END
   209: 00000f39     2 FUNC    WEAK   DEFAULT    4 bsp_init
   210: 00000b71   216 FUNC    GLOBAL DEFAULT    4 can_error_isr
   211: 00000004     0 NOTYPE  GLOBAL DEFAULT  ABS OPTION_SETTING_BPS_LENGTH
   212: 0100a240     0 NOTYPE  GLOBAL DEFAULT  ABS OPTION_SETTING_BPS_SEC_START
   213: 000011fd    26 FUNC    GLOBAL DEFAULT    4 memcpy
   214: 0001e0e8     0 OBJECT  GLOBAL HIDDEN     7 __TMC_END__
   215: 0100a2c0     0 NOTYPE  GLOBAL DEFAULT  ABS OPTION_SETTING_BPS_SEL_START
   216: 20002400     0 NOTYPE  GLOBAL DEFAULT    3 __ddsc_RAM_NSC
   217: 60000000     0 NOTYPE  GLOBAL DEFAULT  ABS QSPI_FLASH_START
   218: 0100a200     0 NOTYPE  GLOBAL DEFAULT    8 __ddsc_OPTION_SETTING_OFS1_SEC_END
   219: 0100a200     0 NOTYPE  GLOBAL DEFAULT  ABS OPTION_SETTING_OFS1_SEC_START
   220: 0001e0f0     0 NOTYPE  GLOBAL DEFAULT    8 __fini_array_end
   221: 0100a100     0 NOTYPE  GLOBAL DEFAULT  ABS OPTION_SETTING_OFS0_START
   222: 20002090     4 OBJECT  GLOBAL DEFAULT    3 SystemCoreClock
   223: 000010c1     4 FUNC    WEAK   DEFAULT    4 UsageFault_Handler
   224: 00000054     0 NOTYPE  GLOBAL DEFAULT    1 __flash_noinit$$Limit
   225: 00000004     0 NOTYPE  GLOBAL DEFAULT  ABS OPTION_SETTING_OFS0_LENGTH
   226: 00000000     0 NOTYPE  GLOBAL DEFAULT  ABS FLASH_START
   227: 60000000     0 NOTYPE  GLOBAL DEFAULT    1 __qspi_flash_readonly$$Limit
   228: 0100a260     0 NOTYPE  GLOBAL DEFAULT  ABS OPTION_SETTING_PBPS_SEC_START
   229: 20000000     0 NOTYPE  GLOBAL DEFAULT    1 __ram_dtc_vector$$Limit
   230: 00000f11    40 FUNC    GLOBAL DEFAULT    4 R_BSP_Init_RTC
   231: 20002400     0 NOTYPE  GLOBAL DEFAULT    3 __ddsc_RAM_END
   232: 00000295     4 FUNC    GLOBAL DEFAULT    4 v5_get32
   233: 0100a1e0     0 NOTYPE  GLOBAL DEFAULT    8 __ddsc_OPTION_SETTING_PBPS_END
   234: 00000054     0 NOTYPE  GLOBAL DEFAULT    1 __flash_vectors$$Limit
   235: 0001e0f0     0 NOTYPE  GLOBAL DEFAULT    8 __exidx_start
   236: 20000000     0 NOTYPE  GLOBAL DEFAULT    1 __ram_from_qspi_flash$$Limit
   237: 0100a240     0 NOTYPE  GLOBAL DEFAULT    8 __ddsc_OPTION_SETTING_BPS_SEC_START
   238: 00000c49   276 FUNC    GLOBAL DEFAULT    4 can_rx_isr
   239: 2000201c     0 NOTYPE  GLOBAL DEFAULT    2 __ram_noinit$$Limit
   240: 00000e29   232 FUNC    GLOBAL DEFAULT    4 bsp_clock_init
   241: 0001e0e1     0 FUNC    GLOBAL DEFAULT    5 _init
   242: 0100a180     0 NOTYPE  GLOBAL DEFAULT    8 __option_setting_ofs1_reg$$Base
   243: 60000000     0 NOTYPE  GLOBAL DEFAULT    1 __qspi_flash_noinit$$Base
   244: 000010c5    12 FUNC    GLOBAL DEFAULT    4 Reset_Handler
   245: 000007bd   832 FUNC    GLOBAL DEFAULT    4 pq_infer
   246: 20000000     0 NOTYPE  GLOBAL DEFAULT    1 __ram_from_data_flash$$Base
   247: 20002094     0 NOTYPE  GLOBAL DEFAULT    3 __ram_zero$$Limit
   248: 60000000     0 NOTYPE  GLOBAL DEFAULT  ABS __ram_from_qspi_flash$$Load
   249: 0100a180     0 NOTYPE  GLOBAL DEFAULT    8 __ddsc_OPTION_SETTING_OFS1_START
   250: 08000000     0 NOTYPE  GLOBAL DEFAULT    1 __data_flash_readonly$$Base
   251: 20000000     0 NOTYPE  GLOBAL DEFAULT    1 __ddsc_RAM_START
   252: 0100a240     0 NOTYPE  GLOBAL DEFAULT    8 __option_setting_bps_sec_reg$$Limit
   253: 0100a2c0     0 NOTYPE  GLOBAL DEFAULT    8 __ddsc_OPTION_SETTING_BPS_SEL_END
   254: 20000000     0 NOTYPE  GLOBAL DEFAULT    1 __ram_from_flash$$Limit
   255: 0001dfe8    65 OBJECT  GLOBAL DEFAULT    4 spikeids_qdq_sha256
   256: 20000000     0 NOTYPE  GLOBAL DEFAULT  ABS RAM_START
   257: 00000004     0 NOTYPE  GLOBAL DEFAULT  ABS OPTION_SETTING_OFS1_SEL_LENGTH
   258: 0100a1c0     0 NOTYPE  GLOBAL DEFAULT    8 __option_setting_bps_reg$$Base
   259: 00000004     0 NOTYPE  GLOBAL DEFAULT  ABS OPTION_SETTING_BPS_SEC_LENGTH
   260: 000010c1     4 FUNC    WEAK   DEFAULT    4 SecureFault_Handler
   261: 0100a260     0 NOTYPE  GLOBAL DEFAULT    8 __ddsc_OPTION_SETTING_PBPS_SEC_START
   262: 00000000     0 NOTYPE  GLOBAL DEFAULT    1 _VECTORS
   263: 0100a1e0     0 NOTYPE  GLOBAL DEFAULT    8 __option_setting_pbps_reg$$Base
   264: 0100a1c0     0 NOTYPE  GLOBAL DEFAULT    8 __ddsc_OPTION_SETTING_BPS_START
   265: 000010c1     4 FUNC    GLOBAL DEFAULT    4 Default_Handler
   266: 20002070    20 OBJECT  GLOBAL DEFAULT    3 gp_renesas_isr_context
   267: 20000000  8192 OBJECT  GLOBAL DEFAULT    2 g_main_stack
   268: 00000054     0 NOTYPE  GLOBAL DEFAULT    4 __flash_readonly$$Base
   269: 20000000     0 NOTYPE  GLOBAL DEFAULT    1 __ram_from_data_flash$$Limit
   270: 00080000     0 NOTYPE  GLOBAL DEFAULT  ABS FLASH_LENGTH
   271: 000003b1   340 FUNC    GLOBAL DEFAULT    4 v5_process
   272: 0100a1c0     0 NOTYPE  GLOBAL DEFAULT  ABS OPTION_SETTING_BPS_START
   273: 0100a280     0 NOTYPE  GLOBAL DEFAULT    8 __ddsc_OPTION_SETTING_OFS1_SEL_END
   274: 0100a100     0 NOTYPE  GLOBAL DEFAULT    8 __option_setting_ofs0_reg$$Limit
   275: 0100a1e0     0 NOTYPE  GLOBAL DEFAULT    8 __option_setting_pbps_reg$$Limit
   276: 0100a2c0     0 NOTYPE  GLOBAL DEFAULT    8 __ddsc_OPTION_SETTING_BPS_SEL_START
   277: 000011f1    10 FUNC    GLOBAL DEFAULT    4 fegetround
   278: 20000000     0 NOTYPE  GLOBAL DEFAULT    1 __ram_from_flash$$Base
   279: 00001217    32 FUNC    GLOBAL DEFAULT    4 memcmp
   280: 0001f000     0 NOTYPE  GLOBAL DEFAULT  ABS RAM_LENGTH
   281: 0001e0ec     0 NOTYPE  GLOBAL DEFAULT    8 __fini_array_start
   282: 00000054     0 NOTYPE  GLOBAL DEFAULT  ABS __ram_from_flash$$Load
   283: 00000004     0 NOTYPE  GLOBAL DEFAULT  ABS OPTION_SETTING_BPS_SEL_LENGTH
   284: 00001237    16 FUNC    GLOBAL DEFAULT    4 memset
   285: 000010c1     4 FUNC    WEAK   DEFAULT    4 MemManage_Handler
   286: 00000afd    10 FUNC    GLOBAL DEFAULT    4 main
   287: 000010c1     4 FUNC    WEAK   DEFAULT    4 SVC_Handler
   288: 0001e0ec     0 NOTYPE  GLOBAL DEFAULT    7 __init_array_end
   289: 20002098     0 NOTYPE  GLOBAL DEFAULT    3 __ram_thread_stack$$Base
   290: 0001e400     0 NOTYPE  GLOBAL DEFAULT    8 __ddsc_FLASH_END
   291: 0000100d    96 FUNC    GLOBAL DEFAULT    4 R_BSP_RegisterProtectEnable
   292: 0100a240     0 NOTYPE  GLOBAL DEFAULT    8 __ddsc_OPTION_SETTING_BPS_SEC_END
   293: 00001139   184 FUNC    GLOBAL DEFAULT    4 SystemInit
   294: 00000d5d   164 FUNC    GLOBAL DEFAULT    4 can_tx_isr
   295: 0000106d    84 FUNC    GLOBAL DEFAULT    4 R_BSP_RegisterProtectDisable
   296: 08000000     0 NOTYPE  GLOBAL DEFAULT    1 __data_flash_noinit$$Limit
   297: 0001e0e5     0 FUNC    GLOBAL DEFAULT    6 _fini
   298: 00000375    60 FUNC    GLOBAL DEFAULT    4 v5_error
   299: 00000040    20 OBJECT  GLOBAL DEFAULT    1 g_vector_table
   300: 00000004     0 NOTYPE  GLOBAL DEFAULT  ABS OPTION_SETTING_PBPS_SEC_LENGTH
   301: 20000000     0 NOTYPE  GLOBAL DEFAULT    1 __ram_dtc_vector$$Base
   302: 20000000     0 NOTYPE  GLOBAL DEFAULT    2 __ram_noinit$$Base
   303: 0100a100     0 NOTYPE  GLOBAL DEFAULT    8 __option_setting_ofs0_reg$$Base
   304: 0100a1c0     0 NOTYPE  GLOBAL DEFAULT    8 __option_setting_bps_reg$$Limit
   305: 0100a2c0     0 NOTYPE  GLOBAL DEFAULT    8 __option_setting_bps_sel_reg$$Base
   306: 08000000     0 NOTYPE  GLOBAL DEFAULT    1 __data_flash_readonly$$Limit
   307: 0001e0e8     0 NOTYPE  GLOBAL DEFAULT    7 __preinit_array_end
   308: 00000699   292 FUNC    GLOBAL DEFAULT    4 pq_qcfs
   309: 0100a200     0 NOTYPE  GLOBAL DEFAULT    8 __option_setting_ofs1_sec_reg$$Base
   310: 0100a180     0 NOTYPE  GLOBAL DEFAULT    8 __option_setting_ofs1_reg$$Limit
   311: 0000128c   280 OBJECT  GLOBAL DEFAULT    4 spikeids_qdq_model
   312: 08000000     0 NOTYPE  GLOBAL DEFAULT  ABS DATA_FLASH_START
   313: 0100a200     0 NOTYPE  GLOBAL DEFAULT    8 __ddsc_OPTION_SETTING_OFS1_SEC_START
   314: 20000000     0 NOTYPE  GLOBAL DEFAULT    1 __ram_from_qspi_flash$$Base
   315: 08000000     0 NOTYPE  GLOBAL DEFAULT  ABS __ram_from_data_flash$$Load
   316: 00000004     0 NOTYPE  GLOBAL DEFAULT  ABS OPTION_SETTING_OFS1_LENGTH
   317: 0001e044    16 OBJECT  GLOBAL DEFAULT    4 g_init_info
   318: 00000f79   148 FUNC    GLOBAL DEFAULT    4 bsp_irq_cfg
   319: 0100a240     0 NOTYPE  GLOBAL DEFAULT    8 __option_setting_bps_sec_reg$$Base
   320: 08000000     0 NOTYPE  GLOBAL DEFAULT    1 __data_flash_noinit$$Base
   321: 20002038    56 OBJECT  GLOBAL DEFAULT    3 g_bsp_group_irq_sources
   322: 0100a280     0 NOTYPE  GLOBAL DEFAULT    8 __option_setting_ofs1_sel_reg$$Base
   323: 0100a180     0 NOTYPE  GLOBAL DEFAULT  ABS OPTION_SETTING_OFS1_START
   324: 00000f39     2 FUNC    GLOBAL DEFAULT    4 bsp_init_internal
   325: 0100a1c0     0 NOTYPE  GLOBAL DEFAULT    8 __ddsc_OPTION_SETTING_BPS_END
   326: 00000e01    40 FUNC    GLOBAL DEFAULT    4 SystemCoreClockUpdate
   327: 0100a1e0     0 NOTYPE  GLOBAL DEFAULT  ABS OPTION_SETTING_PBPS_START
   328: 60000000     0 NOTYPE  GLOBAL DEFAULT    1 __qspi_flash_readonly$$Base
   329: 00001135     2 FUNC    WEAK   DEFAULT    4 R_BSP_WarmStart
   330: 0001e0e8     0 NOTYPE  GLOBAL DEFAULT    7 __init_array_start
   331: 000010c1     4 FUNC    WEAK   DEFAULT    4 BusFault_Handler
   332: 00000004     0 NOTYPE  GLOBAL DEFAULT  ABS OPTION_SETTING_PBPS_LENGTH
   333: 0100a180     0 NOTYPE  GLOBAL DEFAULT    8 __ddsc_OPTION_SETTING_OFS1_END
   334: 00000004     0 NOTYPE  GLOBAL DEFAULT  ABS OPTION_SETTING_OFS1_SEC_LENGTH
   335: 2001f000   512 OBJECT  GLOBAL DEFAULT    9 g_v5_mailbox
   336: 2000201c     0 NOTYPE  GLOBAL DEFAULT    3 __ram_zero$$Base
   337: 0100a100     0 NOTYPE  GLOBAL DEFAULT    8 __ddsc_OPTION_SETTING_OFS0_START
   338: 00000000     0 NOTYPE  GLOBAL DEFAULT    1 __ddsc_FLASH_START
   339: 0001e0e8     0 NOTYPE  GLOBAL DEFAULT    7 __preinit_array_start
   340: 000000e5   320 FUNC    GLOBAL DEFAULT    4 hal_entry
   341: 04000000     0 NOTYPE  GLOBAL DEFAULT  ABS QSPI_FLASH_LENGTH
   342: 0001e02c    10 OBJECT  GLOBAL DEFAULT    4 g_interrupt_event_link_select
   343: 0100a280     0 NOTYPE  GLOBAL DEFAULT    8 __option_setting_ofs1_sel_reg$$Limit

No version information found in this file.
Attribute Section: aeabi
File Attributes
  Tag_CPU_name: "8-M.MAIN"
  Tag_CPU_arch: v8-M.mainline
  Tag_CPU_arch_profile: Microcontroller
  Tag_THUMB_ISA_use: Yes
  Tag_FP_arch: FPv5/FP-D16 for ARMv8
  Tag_ABI_PCS_wchar_t: 4
  Tag_ABI_FP_denormal: Needed
  Tag_ABI_FP_exceptions: Needed
  Tag_ABI_FP_number_model: IEEE 754
  Tag_ABI_align_needed: 8-byte
  Tag_ABI_enum_size: small
  Tag_ABI_HardFP_use: SP only
  Tag_ABI_VFP_args: VFP registers
  Tag_CPU_unaligned_access: v6
  Tag_DSP_extension: Allowed
